long x(
    double printf,
    long x
  )
{
  {
    {
      printf(x && b - +g / 3.22 || 'f');
    }
  }
  scanf(printf[5.3], scanf, x[x[x[printf()]]], g);
}
