long main()
{
  for (
      x = 'x';
      'x';
      x = 'x';
    )
    {
      for (
          x = 'x';
          'x';
          x = 'x';
        )
        {
          for (
              x = 'x';
              'x';
              x = 'x';
            )
            {
              for (
                  x = 'x';
                  'x';
                  x = 'x';
                )
                {
                  for (
                      x = 'x';
                      'x';
                      x = 'x';
                    )
                    {
                      for (
                          x = 'x';
                          'x';
                          x = 'x';
                        )
                        {
                          for (
                              x = 'x';
                              'x';
                              x = 'x';
                            )
                            {
                              for (
                                  x = 'x';
                                  'x';
                                  x = 'x';
                                )
                                {
                                  for (
                                      x = 'x';
                                      'x';
                                      x = 'x';
                                    )
                                    {
                                      for (
                                          x = 'x';
                                          'x';
                                          x = 'x';
                                        )
                                        {
                                        }
                                    }
                                }
                            }
                        }
                    }
                }
            }
        }
    }
}
