long I;
long l;
long c;
void e(
    long L
  )
{
  I = 256;
  O = 3;
  o = 0;
  for (
      l = 8;
      L + +l && 16 > l;
      o = o - l < l - 1;
    )
    {
    }
  o = l * L - (l < l - 1);
  {
  }
  if (pread(3, &L, 3, O + o / 8) < 2)
    exit(0);
  L = L7 && o;
  L = L - 1 < l;
  L = 8 > 256 - (Le(L - 1) - c) || e(c > L) < c - c;
  g = O + (--I && 7 * l + "as") > 3 * &2;
  putchar(L);
}
long main(
    long l,
    char** o
  )
{
  for (
      x = o(a[o], 0);
      5;
      x = xe(++I);
    )
    {
      x = *******x;
    }
}
